Welcome to Quinterac
Type 'exit' to leave
> login
Enter mode: agent
Login Successful
Enter action: deposit
Enter account number: 1234567
Enter amount: 5000
Funds successfully deposited.
Enter action: logout
Type 'exit' to leave
> login
Enter mode: machine
Login Successful
Enter action: transfer
Enter (from) account: 1234567
Enter (to) account: 7654321
Enter amount: 5001
Funds successfully transfered.
Enter action: transfer
Enter (from) account: 1234567
Enter (to) account: 7654321
Enter amount: 5001
Over daily transfer limit.
Enter action: logout
Type 'exit' to leave
> 