Welcome to Quinterac
> logout
You are not logged in
> login
Enter mode: machine
machine
Login successful.
Enter action: logout
logout