Welcome to Quinterac
Type 'exit' to leave
> login
Enter mode: machine
Login Successful
Enter action: deposit
Enter account number: 1234567
Enter amount: 990
Funds successfully deposited.
Enter action: withdraw
Enter account number: 1234567
Enter amount: 100
Funds successfully withdrawn
Enter action: withdraw
Enter account number: 1234567
Enter amount: 1001
Over machine withdrawal limit.
Enter action: withdraw
Enter account number: 1234567
Enter amount: 100a
Invalid amount.
Enter action: withdraw
Enter account number: 1234567
Enter amount: 991
Funds successfully withdrawn
Enter action: logout
Type 'exit' to leave
> login
Enter mode: agent
Login Successful
Enter action: withdraw
Enter account number: 1234567
Enter amount: 100
Funds successfully withdrawn
Enter action: withdraw
Enter account number: 1234567
Enter amount: 1000000
Over daily withdraw limit.
Enter action: logout
Type 'exit' to leave
> 