NEW 1234567 000 0000000 NAME
EOS 0000000 000 0000000 ***

ERROR You do not have this priveledge
EOS 0000000 000 0000000 ***

DEL 1234567 000 0000000 NAME
EOS 0000000 000 0000000 ***
