NEW 1234567 000 0000000 AccountName
ERROR account number is invalid
ERROR account number is invalid
ERROR account number is invalid
ERROR account number is invalid
ERROR account number is invalid
EOS 0000000 000 0000000 ***

DEL 1234567 000 0000000 AccountName
EOS 0000000 000 0000000 ***
