
DEP 1234567 1500 0000000 ***
DEP 1234567 1500 0000000 ***
DEP 1234567 1500 0000000 ***
EOS 0000000 000 0000000 ***