
NEW 1111111 000 0000000 AccountName
EOS 0000000 000 0000000 ***