Welcome to Quinterac
> login
Enter mode: agent
Login Successful
Enter action: deposit
Enter account number: 1234567
Enter amount: 1234
Funds successfully deposited.
Enter action: logout
