Welcome to Quinterac
Type 'exit' to leave
> login
Enter mode: 