
DEP 1234567 1000 0000000 NAME
WDR 1234567 100 0000000 NAME
EOS 0000000 000 0000000 ***
