Welcome to Quinterac
Type 'exit' to leave
> login
Enter mode: machine
Login Successful
Enter action: login
Enter action: logout
Type 'exit' to leave
> login
Enter mode: agent
Login successful
Enter action: logout
Type 'exit' to leave
> login
Enter mode: agent
Login successful
Enter action: logout
Type 'exit' to leave
> 