Welcome to Quinterac
> login
Enter mode: machine
Login Successful
