Welcome to Quinterac
> login
Enter mode: agent
Login Successful
Enter action: deleteacct
Enter account number: 1234567
Enter account name: acctName
Account deleted successfully
Enter action: logout
