
DEL 1234567 000 0000000 acctName
EOS 0000000 000 0000000 ***