You do not have this priviledge
You do not have this priviledge
You do not have this priviledge
You do not have this priviledge
You do not have this priviledge
EOS 0000000 000 0000000 ***

EOS 0000000 000 0000000 ***