Welcome to Quiterac
> Type 'exit' to leave
> login
Enter mode: machine
Enter action: deposit
Enter account number: 1234567
Enter amount: 1234
Funds successfully deposited.
Enter action: withdrawal
Enter account number: 1234567
Enter amount: 1000
Funds successfully withdrawn.
Enter action: transfer
Enter (from) account: 1234567
Enter amount: 1234
Enter (to) account: 7654321
Funds successfully transferred.
Enter action: createacct
You do not have this privelidge.
Enter action: deleteacct
You do not have this privelidge.
Enter action: logout
> Type 'exit' to leave
> login
Enter mode: agent
Login Successful
Enter action: deposit
Enter account number: 1234567
Enter amount: 1234
Funds successfully deposited.
Enter action: withdrawal
Enter account number: 1234567
Enter amount: 1000
Funds successfully withdrawn.
Enter action: transfer
Enter (from) account: 1234567
Enter amount: 1234
Enter (to) account: 7654321
Funds successfully transferred.
Enter action: createacct
Enter account number: 1111111
Enter account name: accountname
Account created successfully.
Enter action: deleteacct
Enter account number: 1111111
Enter account name: accountname
Account deleted successfully.
Enter action: logout
> Type 'exit' to leave
> 