
DEP 1234567 100 0000000 ***
DEP 7654321 100 0000000 ***
EOS 0000000 000 0000000 ***