NEW 1234567 000 0000000 NAME
NEW 7654321 000 0000000 EMAN
EOS 0000000 000 0000000 ***

DEP 1234567 1500 0000000 NAME
XFR 1234567 100 7654321 ***
ERROR Over machine transfer limit
ERROR Insufficient funds for transfer
EOS 0000000 000 0000000 ***

XFR 1234567 100 7654321 ***
ERROR Over agent transfer limit
deleteacct 1234567 NAME
deleteacct 7654321 EMAN
EOS 0000000 000 0000000 ***
