Welcome to Quinterac
Type 'exit' to leave
> login
Enter mode: agent
Login Successful
Enter action: deleteacct
Enter account number: 1
Invalid account number.
Enter action: deleteacct
Enter account number: 1234567
Enter account name: a
Invalid account name
Enter action: deleteacct
Enter account number: 1234567
Enter account name: abc
Account deleted successfully
Enter action: logout
Type 'exit' to leave
> 