Welcome to Quinterac
> login
Enter mode: agent
Login Successful
Enter action: createacct
Enter account number: 1111111
1111111
Enter account name: valid name
valid name
Enter amount: 1234
Account created successfully.
Enter action: logout
