
NEW 1111111 000 0000000 valid name
EOS 0000000 000 0000000 ***