NEW 1234567 0000 0000000 NAME
EOS 0000000 000 0000000 ***

DEP 1234567 1500 0000000 NAME
DEP 1234567 1500 0000000 NAME
DEP 1234567 1500 0000000 NAME
ERROR Exceeds daily deposit limit for account
EOS 0000000 000 0000000 ***

DEL 1234567 000 0000000 NAME
EOS 0000000 000 0000000 ***
