Welcome to Quinterac
Type 'exit' to leave
> login
Enter mode: machine
Login Successful
Enter action: deleteacct
You do not have the priviledge for this command.
Enter action: 1234567
Enter action: accountname
Enter action: logout
Type 'exit' to leave
> login
Enter mode: agent
Login Successful
Enter action: deleteacct
Enter account number: 1234567
Enter account name: accountname
Account deleted successfully
Enter action: logout
Type 'exit' to leave
> 